// Jest Snapshot v1, https://goo.gl/fbAQLP

exports[`<Button /> should render the button user would see 1`] = `
<DocumentFragment>
  <button
    class="undefined btn"
    role="button"
    title="my button"
    type="button"
  >
    click
  </button>
</DocumentFragment>
`;
